// Jest Snapshot v1, https://goo.gl/fbAQLP

exports[`<App /> should render and match its reference snapshot 1`] = `
<div
  className="hangman"
>
  <Mask
    mask={
      Array [
        "T",
        "_",
        "_",
        "T",
      ]
    }
  />
  <Keyboard
    letters={
      Array [
        "A",
        "B",
        "C",
        "D",
        "E",
        "F",
        "G",
        "H",
        "I",
        "J",
        "K",
        "L",
        "M",
        "N",
        "O",
        "P",
        "Q",
        "R",
        "S",
        "T",
        "U",
        "V",
        "W",
        "X",
        "Y",
        "Z",
      ]
    }
    onClick={[Function]}
    testedLetters={Array []}
  />
</div>
`;
